exports[`test renders correctly 1`] = `
<View
  onStartShouldSetResponderCapture={[Function]}
  style={
    Object {
      "flex": 1,
    }
  }>
  <View
    onLayout={[Function]}
    style={
      Array [
        Object {
          "backgroundColor": "transparent",
          "flex": 1,
        },
        undefined,
      ]
    }>
    <View
      style={
        Object {
          "flex": 1,
        }
      }>
      <View
        onMoveShouldSetResponder={[Function]}
        onMoveShouldSetResponderCapture={[Function]}
        onResponderEnd={[Function]}
        onResponderGrant={[Function]}
        onResponderMove={[Function]}
        onResponderReject={[Function]}
        onResponderRelease={[Function]}
        onResponderStart={[Function]}
        onResponderTerminate={[Function]}
        onResponderTerminationRequest={[Function]}
        onStartShouldSetResponder={[Function]}
        onStartShouldSetResponderCapture={[Function]}
        pointerEvents="auto"
        style={
          Object {
            "backgroundColor": "white",
            "bottom": 0,
            "left": 0,
            "opacity": 1,
            "position": "absolute",
            "right": 0,
            "top": 0,
            "transform": Array [
              Object {
                "translateX": 0,
              },
              Object {
                "translateY": 0,
              },
            ],
          }
        }>
        <View
          style={
            Array [
              Object {
                "flex": 1,
              },
              undefined,
            ]
          }>
          <View
            style={
              Object {
                "alignItems": "center",
                "flex": 1,
                "justifyContent": "center",
              }
            }>
            <Text
              accessible={true}
              allowFontScaling={true}
              ellipsizeMode="tail"
              style={
                Object {
                  "fontSize": 20,
                  "fontWeight": "bold",
                }
              }>
              Sample App
            </Text>
            <Image
              source={
                Object {
                  "uri": "http://image.flaticon.com/teams/new/1-freepik.jpg",
                }
              }
              style={
                Object {
                  "height": 200,
                  "width": 200,
                }
              } />
          </View>
        </View>
      </View>
    </View>
  </View>
</View>
`;
